[    3360ms] [WARNING] [GPT] PubAdsService.clearTargeting is deprecated, use googletag.setConfig({targeting: ...}) instead.
https://goo.gle/gpt-message#170 @ https://securepubads.g.doubleclick.net/pagead/managed/js/gpt/m202608050101/pubads_impl.js?cb=122880268:18
[    3364ms] [WARNING] [GPT] Slot.getTargeting is deprecated, use Slot.getConfig('targeting') instead.
https://goo.gle/gpt-message#201 @ https://securepubads.g.doubleclick.net/pagead/managed/js/gpt/m202608050101/pubads_impl.js?cb=122880268:18
[    3531ms] [ERROR] Failed to load resource: net::ERR_NAME_NOT_RESOLVED @ https://logo.clearbit.com/talonoutdoor.com?size=100:0
[    3573ms] [ERROR] Failed to load resource: net::ERR_CONNECTION_REFUSED @ https://ssc.33across.com/api/v1/hb?guid=bvIm80Wymr8ioMrkHcnnVW:0
[    3573ms] [ERROR] Failed to load resource: net::ERR_CONNECTION_REFUSED @ https://ssc.33across.com/api/v1/hb?guid=bvIm80Wymr8ioMrkHcnnVW:0
[    3574ms] [ERROR] Failed to load resource: net::ERR_CONNECTION_REFUSED @ https://ssc.33across.com/api/v1/hb?guid=bvIm80Wymr8ioMrkHcnnVW:0
[    3574ms] [ERROR] Failed to load resource: net::ERR_CONNECTION_REFUSED @ https://ssc.33across.com/api/v1/hb?guid=bvIm80Wymr8ioMrkHcnnVW:0
[    3645ms] [ERROR] Failed to load resource: net::ERR_NAME_NOT_RESOLVED @ https://rt.marphezis.com/hb:0
[    3646ms] [ERROR] Failed to load resource: net::ERR_NAME_NOT_RESOLVED @ https://rt.marphezis.com/hb:0
[    3687ms] [ERROR] Failed to load resource: net::ERR_NAME_NOT_RESOLVED @ https://rt.marphezis.com/prebid/error:0
[    3687ms] [ERROR] Failed to load resource: net::ERR_NAME_NOT_RESOLVED @ https://rt.marphezis.com/prebid/error:0
[    4061ms] [ERROR] Failed to load resource: the server responded with a status of 403 () @ https://code.tidio.co/wir8s51vpps1vbt9vvhi1gfsgioaah5i.js:0
[    4146ms] [ERROR] Failed to load resource: the server responded with a status of 403 () @ https://prebid.smilewanted.com/:0
[    4147ms] [ERROR] Failed to load resource: the server responded with a status of 403 () @ https://prebid.smilewanted.com/:0
[    4147ms] [ERROR] Failed to load resource: the server responded with a status of 403 () @ https://prebid.smilewanted.com/:0
[    4150ms] [ERROR] Failed to load resource: the server responded with a status of 403 () @ https://prebid.smilewanted.com/:0
[    6213ms] [ERROR] Failed to load resource: the server responded with a status of 403 () @ https://cdn.api.btloader.com/device?orgid=5708166709903360&platformVersion=26.6.1&fullVersionList=%5B%7B%22brand%22%3A%22Not%3DA%3FBrand%22%2C%22version%22%3A%2299.0.0.0%22%7D%2C%7B%22brand%22%3A%22Google+Chrome%22%2C%22version%22%3A%22151.0.7922.138%22%7D%2C%7B%22brand%22%3A%22Chromium%22%2C%22version%22%3A%22151.0.7922.138%22%7D%5D&upapi=true:0
[    6564ms] Error: vignette: no interstitial API
    at https://s0.2mdn.net/879366/express_html_inpage_rendering_lib_200_287.js:159:498
[    7173ms] [WARNING] [GPT] Using deprecated googletag.encryptedSignalProviders. Please use googletag.secureSignalProviders instead.
https://goo.gle/gpt-message#155 @ https://securepubads.g.doubleclick.net/pagead/managed/js/gpt/m202608050101/pubads_impl.js?cb=122880268:18
[    7860ms] [ERROR] Access to fetch at 'https://1x1.a-mo.net/e' from origin 'https://growjo.com' has been blocked by CORS policy: No 'Access-Control-Allow-Origin' header is present on the requested resource. @ https://growjo.com/company/Talon_Outdoor:0
[    7860ms] [ERROR] Failed to load resource: net::ERR_FAILED @ https://1x1.a-mo.net/e:0
[    7861ms] [ERROR] Access to fetch at 'https://1x1.a-mo.net/e' from origin 'https://growjo.com' has been blocked by CORS policy: No 'Access-Control-Allow-Origin' header is present on the requested resource. @ https://growjo.com/company/Talon_Outdoor:0
[    7861ms] [ERROR] Failed to load resource: net::ERR_FAILED @ https://1x1.a-mo.net/e:0
[    7963ms] [ERROR] Attestation check for Attribution Reporting on https://ad.doubleclick.net failed. @ https://growjo.com/company/Talon_Outdoor:0
[    7963ms] [ERROR] Attestation check for Attribution Reporting on https://ad.doubleclick.net failed. @ https://growjo.com/company/Talon_Outdoor:0
[    7969ms] [ERROR] Refused to execute script from 'https://metrics.getrockerbox.com/track/v5?source=semrush&tier_one=dv360&tier_two=1025537991&tier_three=23540546611&tier_four=714863718&auction_id=1786729540514292&referrer=https://growjo.com/company/Talon_Outdoor' because its MIME type ('image/gif') is not executable. @ https://452efe35cb911fb62a37ad2c4d208b3d.safeframe.googlesyndication.com/safeframe/1-0-45/html/container.html:0
[    7969ms] [ERROR] Refused to execute script from 'https://metrics.getrockerbox.com/track/v5?source=semrush&tier_one=dv360&tier_two=1025537991&tier_three=23540546611&tier_four=714862527&auction_id=1786729543632412&referrer=https://growjo.com/company/Talon_Outdoor' because its MIME type ('image/gif') is not executable. @ https://452efe35cb911fb62a37ad2c4d208b3d.safeframe.googlesyndication.com/safeframe/1-0-45/html/container.html:0
[    7989ms] [ERROR] Attestation check for Attribution Reporting on https://ad.doubleclick.net failed. @ https://growjo.com/company/Talon_Outdoor:0
[    7991ms] [ERROR] Attestation check for Attribution Reporting on https://ad.doubleclick.net failed. @ https://growjo.com/company/Talon_Outdoor:0
[    8257ms] [ERROR] Attestation check for Shared Storage on https://www.googleadservices.com failed. @ https://www.googleadservices.com/pagead/managed/js/activeview/current/reach_worklet.html:0
[    8260ms] [ERROR] Attestation check for Shared Storage on https://www.googleadservices.com failed. @ https://www.googleadservices.com/pagead/managed/js/activeview/current/reach_worklet.html:0
[    8260ms] [ERROR] Attestation check for Shared Storage on https://www.googleadservices.com failed. @ https://www.googleadservices.com/pagead/managed/js/activeview/current/reach_worklet.html:0
[    8261ms] [ERROR] Attestation check for Shared Storage on https://www.googleadservices.com failed. @ https://www.googleadservices.com/pagead/managed/js/activeview/current/reach_worklet.html:0
[    8262ms] [ERROR] Attestation check for Shared Storage on https://www.googleadservices.com failed. @ https://www.googleadservices.com/pagead/managed/js/activeview/current/reach_worklet.html:0
[    8257ms] [ERROR] Attestation check for Shared Storage on https://www.googleadservices.com failed. @ https://www.googleadservices.com/pagead/managed/js/activeview/current/reach_worklet.html:0
[    8260ms] [ERROR] Attestation check for Shared Storage on https://www.googleadservices.com failed. @ https://www.googleadservices.com/pagead/managed/js/activeview/current/reach_worklet.html:0
[    8260ms] [ERROR] Attestation check for Shared Storage on https://www.googleadservices.com failed. @ https://www.googleadservices.com/pagead/managed/js/activeview/current/reach_worklet.html:0
[    8261ms] [ERROR] Attestation check for Shared Storage on https://www.googleadservices.com failed. @ https://www.googleadservices.com/pagead/managed/js/activeview/current/reach_worklet.html:0
[    8262ms] [ERROR] Attestation check for Shared Storage on https://www.googleadservices.com failed. @ https://www.googleadservices.com/pagead/managed/js/activeview/current/reach_worklet.html:0
[    8968ms] [ERROR] Attestation check for Shared Storage on https://www.googleadservices.com failed. @ https://www.googleadservices.com/pagead/managed/js/activeview/current/reach_worklet.html:0
[   33744ms] [ERROR] Failed to load resource: net::ERR_CONNECTION_REFUSED @ https://ssc.33across.com/api/v1/hb?guid=bvIm80Wymr8ioMrkHcnnVW:0
[   33746ms] [ERROR] Failed to load resource: net::ERR_NAME_NOT_RESOLVED @ https://rt.marphezis.com/hb:0
[   33751ms] [ERROR] Failed to load resource: net::ERR_NAME_NOT_RESOLVED @ https://rt.marphezis.com/prebid/error:0
[   33769ms] [ERROR] Failed to load resource: the server responded with a status of 403 () @ https://prebid.smilewanted.com/:0
[   34294ms] [ERROR] Failed to load resource: net::ERR_CONNECTION_REFUSED @ https://ssc.33across.com/api/v1/hb?guid=bvIm80Wymr8ioMrkHcnnVW:0
[   34295ms] [ERROR] Failed to load resource: net::ERR_NAME_NOT_RESOLVED @ https://rt.marphezis.com/hb:0
[   34300ms] [ERROR] Failed to load resource: net::ERR_NAME_NOT_RESOLVED @ https://rt.marphezis.com/prebid/error:0
[   34356ms] [ERROR] Failed to load resource: the server responded with a status of 403 () @ https://prebid.smilewanted.com/:0
[    7969ms] [ERROR] Refused to execute script from 'https://metrics.getrockerbox.com/track/v5?source=semrush&tier_one=dv360&tier_two=1025537991&tier_three=23540546611&tier_four=714863718&auction_id=1786729540514292&referrer=https://growjo.com/company/Talon_Outdoor' because its MIME type ('image/gif') is not executable. @ https://452efe35cb911fb62a37ad2c4d208b3d.safeframe.googlesyndication.com/safeframe/1-0-45/html/container.html:0
[    7969ms] [ERROR] Refused to execute script from 'https://metrics.getrockerbox.com/track/v5?source=semrush&tier_one=dv360&tier_two=1025537991&tier_three=23540546611&tier_four=714862527&auction_id=1786729543632412&referrer=https://growjo.com/company/Talon_Outdoor' because its MIME type ('image/gif') is not executable. @ https://452efe35cb911fb62a37ad2c4d208b3d.safeframe.googlesyndication.com/safeframe/1-0-45/html/container.html:0
[   35247ms] [ERROR] Failed to load resource: net::ERR_NAME_NOT_RESOLVED @ https://sync.search.spotxchange.com/partner?adv_id=7025&gdpr=0&redir=https%3A%2F%2Fcm.g.doubleclick.net%2Fpixel%3Fgoogle_nid%3Dspotxchange_dbm%26google_hm%3D%24SPOTX_BASE64_USER_ID:0
[   35308ms] [ERROR] Failed to load resource: net::ERR_NAME_NOT_RESOLVED @ https://sync.search.spotxchange.com/partner?adv_id=7025&gdpr=0&uid=CAESEEKR1UGrU4AOo-iz7xWBXy4&google_cver=1:0
[    8257ms] [ERROR] Attestation check for Shared Storage on https://www.googleadservices.com failed. @ https://www.googleadservices.com/pagead/managed/js/activeview/current/reach_worklet.html:0
[    8260ms] [ERROR] Attestation check for Shared Storage on https://www.googleadservices.com failed. @ https://www.googleadservices.com/pagead/managed/js/activeview/current/reach_worklet.html:0
[    8260ms] [ERROR] Attestation check for Shared Storage on https://www.googleadservices.com failed. @ https://www.googleadservices.com/pagead/managed/js/activeview/current/reach_worklet.html:0
[    8261ms] [ERROR] Attestation check for Shared Storage on https://www.googleadservices.com failed. @ https://www.googleadservices.com/pagead/managed/js/activeview/current/reach_worklet.html:0
[    8262ms] [ERROR] Attestation check for Shared Storage on https://www.googleadservices.com failed. @ https://www.googleadservices.com/pagead/managed/js/activeview/current/reach_worklet.html:0
[    8968ms] [ERROR] Attestation check for Shared Storage on https://www.googleadservices.com failed. @ https://www.googleadservices.com/pagead/managed/js/activeview/current/reach_worklet.html:0
[   35389ms] [ERROR] Attestation check for Shared Storage on https://www.googleadservices.com failed. @ https://www.googleadservices.com/pagead/managed/js/activeview/current/reach_worklet.html:0
[    7969ms] [ERROR] Refused to execute script from 'https://metrics.getrockerbox.com/track/v5?source=semrush&tier_one=dv360&tier_two=1025537991&tier_three=23540546611&tier_four=714863718&auction_id=1786729540514292&referrer=https://growjo.com/company/Talon_Outdoor' because its MIME type ('image/gif') is not executable. @ https://452efe35cb911fb62a37ad2c4d208b3d.safeframe.googlesyndication.com/safeframe/1-0-45/html/container.html:0
[    7969ms] [ERROR] Refused to execute script from 'https://metrics.getrockerbox.com/track/v5?source=semrush&tier_one=dv360&tier_two=1025537991&tier_three=23540546611&tier_four=714862527&auction_id=1786729543632412&referrer=https://growjo.com/company/Talon_Outdoor' because its MIME type ('image/gif') is not executable. @ https://452efe35cb911fb62a37ad2c4d208b3d.safeframe.googlesyndication.com/safeframe/1-0-45/html/container.html:0
[   35247ms] [ERROR] Failed to load resource: net::ERR_NAME_NOT_RESOLVED @ https://sync.search.spotxchange.com/partner?adv_id=7025&gdpr=0&redir=https%3A%2F%2Fcm.g.doubleclick.net%2Fpixel%3Fgoogle_nid%3Dspotxchange_dbm%26google_hm%3D%24SPOTX_BASE64_USER_ID:0
[   35308ms] [ERROR] Failed to load resource: net::ERR_NAME_NOT_RESOLVED @ https://sync.search.spotxchange.com/partner?adv_id=7025&gdpr=0&uid=CAESEEKR1UGrU4AOo-iz7xWBXy4&google_cver=1:0
[    8257ms] [ERROR] Attestation check for Shared Storage on https://www.googleadservices.com failed. @ https://www.googleadservices.com/pagead/managed/js/activeview/current/reach_worklet.html:0
[    8260ms] [ERROR] Attestation check for Shared Storage on https://www.googleadservices.com failed. @ https://www.googleadservices.com/pagead/managed/js/activeview/current/reach_worklet.html:0
[    8260ms] [ERROR] Attestation check for Shared Storage on https://www.googleadservices.com failed. @ https://www.googleadservices.com/pagead/managed/js/activeview/current/reach_worklet.html:0
[    8261ms] [ERROR] Attestation check for Shared Storage on https://www.googleadservices.com failed. @ https://www.googleadservices.com/pagead/managed/js/activeview/current/reach_worklet.html:0
[    8262ms] [ERROR] Attestation check for Shared Storage on https://www.googleadservices.com failed. @ https://www.googleadservices.com/pagead/managed/js/activeview/current/reach_worklet.html:0
[    8968ms] [ERROR] Attestation check for Shared Storage on https://www.googleadservices.com failed. @ https://www.googleadservices.com/pagead/managed/js/activeview/current/reach_worklet.html:0
[   35389ms] [ERROR] Attestation check for Shared Storage on https://www.googleadservices.com failed. @ https://www.googleadservices.com/pagead/managed/js/activeview/current/reach_worklet.html:0
[   35733ms] [ERROR] Attestation check for Shared Storage on https://www.googleadservices.com failed. @ https://www.googleadservices.com/pagead/managed/js/activeview/current/reach_worklet.html:0
[   60266ms] [ERROR] Failed to load resource: net::ERR_CONNECTION_REFUSED @ https://ssc.33across.com/api/v1/hb?guid=bvIm80Wymr8ioMrkHcnnVW:0
[   60272ms] [ERROR] Failed to load resource: net::ERR_NAME_NOT_RESOLVED @ https://rt.marphezis.com/hb:0
[   60278ms] [ERROR] Failed to load resource: net::ERR_NAME_NOT_RESOLVED @ https://rt.marphezis.com/prebid/error:0
[   60300ms] [ERROR] Failed to load resource: the server responded with a status of 403 () @ https://prebid.smilewanted.com/:0
[    8257ms] [ERROR] Attestation check for Shared Storage on https://www.googleadservices.com failed. @ https://www.googleadservices.com/pagead/managed/js/activeview/current/reach_worklet.html:0
[    8260ms] [ERROR] Attestation check for Shared Storage on https://www.googleadservices.com failed. @ https://www.googleadservices.com/pagead/managed/js/activeview/current/reach_worklet.html:0
[    8260ms] [ERROR] Attestation check for Shared Storage on https://www.googleadservices.com failed. @ https://www.googleadservices.com/pagead/managed/js/activeview/current/reach_worklet.html:0
[    8261ms] [ERROR] Attestation check for Shared Storage on https://www.googleadservices.com failed. @ https://www.googleadservices.com/pagead/managed/js/activeview/current/reach_worklet.html:0
[    8262ms] [ERROR] Attestation check for Shared Storage on https://www.googleadservices.com failed. @ https://www.googleadservices.com/pagead/managed/js/activeview/current/reach_worklet.html:0
[    8968ms] [ERROR] Attestation check for Shared Storage on https://www.googleadservices.com failed. @ https://www.googleadservices.com/pagead/managed/js/activeview/current/reach_worklet.html:0
[   35389ms] [ERROR] Attestation check for Shared Storage on https://www.googleadservices.com failed. @ https://www.googleadservices.com/pagead/managed/js/activeview/current/reach_worklet.html:0
[   35733ms] [ERROR] Attestation check for Shared Storage on https://www.googleadservices.com failed. @ https://www.googleadservices.com/pagead/managed/js/activeview/current/reach_worklet.html:0
[   61720ms] [ERROR] Attestation check for Shared Storage on https://www.googleadservices.com failed. @ https://www.googleadservices.com/pagead/managed/js/activeview/current/reach_worklet.html:0
[    7969ms] [ERROR] Refused to execute script from 'https://metrics.getrockerbox.com/track/v5?source=semrush&tier_one=dv360&tier_two=1025537991&tier_three=23540546611&tier_four=714863718&auction_id=1786729540514292&referrer=https://growjo.com/company/Talon_Outdoor' because its MIME type ('image/gif') is not executable. @ https://452efe35cb911fb62a37ad2c4d208b3d.safeframe.googlesyndication.com/safeframe/1-0-45/html/container.html:0
[    7969ms] [ERROR] Refused to execute script from 'https://metrics.getrockerbox.com/track/v5?source=semrush&tier_one=dv360&tier_two=1025537991&tier_three=23540546611&tier_four=714862527&auction_id=1786729543632412&referrer=https://growjo.com/company/Talon_Outdoor' because its MIME type ('image/gif') is not executable. @ https://452efe35cb911fb62a37ad2c4d208b3d.safeframe.googlesyndication.com/safeframe/1-0-45/html/container.html:0
[    8257ms] [ERROR] Attestation check for Shared Storage on https://www.googleadservices.com failed. @ https://www.googleadservices.com/pagead/managed/js/activeview/current/reach_worklet.html:0
[    8260ms] [ERROR] Attestation check for Shared Storage on https://www.googleadservices.com failed. @ https://www.googleadservices.com/pagead/managed/js/activeview/current/reach_worklet.html:0
[    8260ms] [ERROR] Attestation check for Shared Storage on https://www.googleadservices.com failed. @ https://www.googleadservices.com/pagead/managed/js/activeview/current/reach_worklet.html:0
[    8261ms] [ERROR] Attestation check for Shared Storage on https://www.googleadservices.com failed. @ https://www.googleadservices.com/pagead/managed/js/activeview/current/reach_worklet.html:0
[    8262ms] [ERROR] Attestation check for Shared Storage on https://www.googleadservices.com failed. @ https://www.googleadservices.com/pagead/managed/js/activeview/current/reach_worklet.html:0
[    8968ms] [ERROR] Attestation check for Shared Storage on https://www.googleadservices.com failed. @ https://www.googleadservices.com/pagead/managed/js/activeview/current/reach_worklet.html:0
[   35389ms] [ERROR] Attestation check for Shared Storage on https://www.googleadservices.com failed. @ https://www.googleadservices.com/pagead/managed/js/activeview/current/reach_worklet.html:0
[   35733ms] [ERROR] Attestation check for Shared Storage on https://www.googleadservices.com failed. @ https://www.googleadservices.com/pagead/managed/js/activeview/current/reach_worklet.html:0
[   61720ms] [ERROR] Attestation check for Shared Storage on https://www.googleadservices.com failed. @ https://www.googleadservices.com/pagead/managed/js/activeview/current/reach_worklet.html:0
[   62749ms] [ERROR] Attestation check for Shared Storage on https://www.googleadservices.com failed. @ https://www.googleadservices.com/pagead/managed/js/activeview/current/reach_worklet.html:0
[   35247ms] [ERROR] Failed to load resource: net::ERR_NAME_NOT_RESOLVED @ https://sync.search.spotxchange.com/partner?adv_id=7025&gdpr=0&redir=https%3A%2F%2Fcm.g.doubleclick.net%2Fpixel%3Fgoogle_nid%3Dspotxchange_dbm%26google_hm%3D%24SPOTX_BASE64_USER_ID:0
[   35308ms] [ERROR] Failed to load resource: net::ERR_NAME_NOT_RESOLVED @ https://sync.search.spotxchange.com/partner?adv_id=7025&gdpr=0&uid=CAESEEKR1UGrU4AOo-iz7xWBXy4&google_cver=1:0
[   62887ms] [ERROR] Attestation check for Attribution Reporting on https://ad.doubleclick.net failed. @ https://growjo.com/company/Talon_Outdoor:0
[   62967ms] [ERROR] Refused to execute script from 'https://metrics.getrockerbox.com/track/v5?source=semrush&tier_one=dv360&tier_two=1025538174&tier_three=23540550457&tier_four=730877751&auction_id=1786729599269182&referrer=https://growjo.com/' because its MIME type ('image/gif') is not executable. @ https://452efe35cb911fb62a37ad2c4d208b3d.safeframe.googlesyndication.com/safeframe/1-0-45/html/container.html:0
[   63039ms] [ERROR] Attestation check for Attribution Reporting on https://ad.doubleclick.net failed. @ https://growjo.com/company/Talon_Outdoor:0
[  185713ms] [ERROR] Failed to load resource: net::ERR_INTERNET_DISCONNECTED @ https://ads.stickyadstv.com/user-matching?id=11:0
[  185716ms] [ERROR] Failed to load resource: net::ERR_INTERNET_DISCONNECTED @ https://ads.stickyadstv.com/user-registering?dataProviderId=141&userId=CAESEGd8fA3XhWl-veREtwO9eP4&google_cver=1&gdpr=0:0
